00:00 +0: loading C:/Users/91942/Desktop/CineVerse/test/presentation/features/movie_details/movie_details_screen_test.dart
00:00 +0: movie details renders watch providers between overview and cast
unhandled element <metadata/>; Picture key: Svg loader
══╡ EXCEPTION CAUGHT BY FLUTTER TEST FRAMEWORK ╞════════════════════════════════════════════════════
The following StateError was thrown running a test:
Bad state: Neither MOVIE_PROXY_BASE_URL nor TMDB_API_KEY is configured.

When the exception was thrown, this was the stack:
#0      TmdbApiClient._assertMovieApiConfigured (package:cineverse/data/datasources/remote/tmdb_api_client.dart:665:7)
#1      TmdbApiClient.fetchMediaImages (package:cineverse/data/datasources/remote/tmdb_api_client.dart:438:5)
#2      TmdbRemoteDataSource.fetchMediaImages (package:cineverse/data/datasources/remote/remote_data_source.dart:215:22)
#3      MediaRepositoryImpl.fetchMediaImages (package:cineverse/data/repositories/media_repository_impl.dart:238:29)
#4      mediaImagesProvider.<anonymous closure> (package:cineverse/presentation/features/movies/providers/movies_provider.dart:618:25)
#5      FunctionalFamily.call.<anonymous closure> (package:riverpod/src/core/family.dart:159:25)
#6      FutureProvider.create (package:riverpod/src/providers/future_provider.dart:142:46)
#7      $FutureProviderElement.create.<anonymous closure> (package:riverpod/src/providers/future_provider.dart:167:45)
#8      ElementWithFuture.handleFuture.<anonymous closure> (package:riverpod/src/core/element.dart:206:30)
#9      ElementWithFuture._handleAsync (package:riverpod/src/core/element.dart:270:35)
#10     ElementWithFuture.handleFuture (package:riverpod/src/core/element.dart:200:12)
#11     $FutureProviderElement.create (package:riverpod/src/providers/future_provider.dart:167:12)
#12     ProviderElement.buildState (package:riverpod/src/core/element.dart:684:28)
#13     ProviderElement.mount (package:riverpod/src/core/element.dart:537:7)
#14     ProviderElement.flush (package:riverpod/src/core/element.dart:640:7)
#15     $ProviderBaseImpl._addListener (package:riverpod/src/core/provider/provider.dart:119:24)
#16     ProviderElementProxy._addListener (package:riverpod/src/core/proxy_provider_listenable.dart:106:31)
#17     ProviderContainer.listen (package:riverpod/src/core/provider_container.dart:960:26)
#18     ProviderContainer.read (package:riverpod/src/core/provider_container.dart:917:17)
#19     ConsumerStatefulElement.read (package:flutter_riverpod/src/core/consumer.dart:543:59)
#20     _MovieDetailsViewState._startSlideshow (package:cineverse/presentation/features/movie_details/movie_details_screen.dart:190:10)
#21     _MovieDetailsViewState.initState (package:cineverse/presentation/features/movie_details/movie_details_screen.dart:185:5)
#22     StatefulElement._firstBuild (package:flutter/src/widgets/framework.dart:5950:55)
#23     ComponentElement.mount (package:flutter/src/widgets/framework.dart:5793:5)
#24     Element.inflateWidget (package:flutter/src/widgets/framework.dart:4587:20)
#25     Element.updateChild (package:flutter/src/widgets/framework.dart:4053:20)
#26     ComponentElement.performRebuild (package:flutter/src/widgets/framework.dart:5841:16)
#27     Element.rebuild (package:flutter/src/widgets/framework.dart:5529:7)
#28     StatelessElement.update (package:flutter/src/widgets/framework.dart:5895:5)
#29     Element.updateChild (package:flutter/src/widgets/framework.dart:4037:15)
#30     ComponentElement.performRebuild (package:flutter/src/widgets/framework.dart:5841:16)
#31     Element.rebuild (package:flutter/src/widgets/framework.dart:5529:7)
#32     StatelessElement.update (package:flutter/src/widgets/framework.dart:5895:5)
#33     Element.updateChild (package:flutter/src/widgets/framework.dart:4037:15)
#34     ComponentElement.performRebuild (package:flutter/src/widgets/framework.dart:5841:16)
#35     Element.rebuild (package:flutter/src/widgets/framework.dart:5529:7)
#36     ProxyElement.update (package:flutter/src/widgets/framework.dart:6149:5)
#37     Element.updateChild (package:flutter/src/widgets/framework.dart:4037:15)
#38     ComponentElement.performRebuild (package:flutter/src/widgets/framework.dart:5841:16)
#39     Element.rebuild (package:flutter/src/widgets/framework.dart:5529:7)
#40     ProxyElement.update (package:flutter/src/widgets/framework.dart:6149:5)
#41     Element.updateChild (package:flutter/src/widgets/framework.dart:4037:15)
#42     Element.updateChildren (package:flutter/src/widgets/framework.dart:4191:32)
#43     MultiChildRenderObjectElement.update (package:flutter/src/widgets/framework.dart:7295:17)
#44     Element.updateChild (package:flutter/src/widgets/framework.dart:4037:15)
#45     ComponentElement.performRebuild (package:flutter/src/widgets/framework.dart:5841:16)
#46     Element.rebuild (package:flutter/src/widgets/framework.dart:5529:7)
#47     ProxyElement.update (package:flutter/src/widgets/framework.dart:6149:5)
#48     Element.updateChild (package:flutter/src/widgets/framework.dart:4037:15)
#49     ComponentElement.performRebuild (package:flutter/src/widgets/framework.dart:5841:16)
#50     StatefulElement.performRebuild (package:flutter/src/widgets/framework.dart:5982:11)
#51     Element.rebuild (package:flutter/src/widgets/framework.dart:5529:7)
#52     StatefulElement.update (package:flutter/src/widgets/framework.dart:6007:5)
#53     Element.updateChild (package:flutter/src/widgets/framework.dart:4037:15)
#54     ComponentElement.performRebuild (package:flutter/src/widgets/framework.dart:5841:16)
#55     StatefulElement.performRebuild (package:flutter/src/widgets/framework.dart:5982:11)
#56     Element.rebuild (package:flutter/src/widgets/framework.dart:5529:7)
#57     StatefulElement.update (package:flutter/src/widgets/framework.dart:6007:5)
#58     Element.updateChild (package:flutter/src/widgets/framework.dart:4037:15)
#59     ComponentElement.performRebuild (package:flutter/src/widgets/framework.dart:5841:16)
#60     Element.rebuild (package:flutter/src/widgets/framework.dart:5529:7)
#61     ProxyElement.update (package:flutter/src/widgets/framework.dart:6149:5)
#62     Element.updateChild (package:flutter/src/widgets/framework.dart:4037:15)
#63     ComponentElement.performRebuild (package:flutter/src/widgets/framework.dart:5841:16)
#64     StatefulElement.performRebuild (package:flutter/src/widgets/framework.dart:5982:11)
#65     Element.rebuild (package:flutter/src/widgets/framework.dart:5529:7)
#66     StatefulElement.update (package:flutter/src/widgets/framework.dart:6007:5)
#67     Element.updateChild (package:flutter/src/widgets/framework.dart:4037:15)
#68     SingleChildRenderObjectElement.update (package:flutter/src/widgets/framework.dart:7122:14)
#69     Element.updateChild (package:flutter/src/widgets/framework.dart:4037:15)
#70     ComponentElement.performRebuild (package:flutter/src/widgets/framework.dart:5841:16)
#71     Element.rebuild (package:flutter/src/widgets/framework.dart:5529:7)
#72     ProxyElement.update (package:flutter/src/widgets/framework.dart:6149:5)
#73     Element.updateChild (package:flutter/src/widgets/framework.dart:4037:15)
#74     SingleChildRenderObjectElement.update (package:flutter/src/widgets/framework.dart:7122:14)
#75     Element.updateChild (package:flutter/src/widgets/framework.dart:4037:15)
#76     ComponentElement.performRebuild (package:flutter/src/widgets/framework.dart:5841:16)
#77     StatefulElement.performRebuild (package:flutter/src/widgets/framework.dart:5982:11)
#78     Element.rebuild (package:flutter/src/widgets/framework.dart:5529:7)
#79     StatefulElement.update (package:flutter/src/widgets/framework.dart:6007:5)
#80     Element.updateChild (package:flutter/src/widgets/framework.dart:4037:15)
#81     ComponentElement.performRebuild (package:flutter/src/widgets/framework.dart:5841:16)
#82     StatefulElement.performRebuild (package:flutter/src/widgets/framework.dart:5982:11)
#83     Element.rebuild (package:flutter/src/widgets/framework.dart:5529:7)
#84     StatefulElement.update (package:flutter/src/widgets/framework.dart:6007:5)
#85     Element.updateChild (package:flutter/src/widgets/framework.dart:4037:15)
#86     ComponentElement.performRebuild (package:flutter/src/widgets/framework.dart:5841:16)
#87     Element.rebuild (package:flutter/src/widgets/framework.dart:5529:7)
#88     ProxyElement.update (package:flutter/src/widgets/framework.dart:6149:5)
#89     Element.updateChild (package:flutter/src/widgets/framework.dart:4037:15)
#90     ComponentElement.performRebuild (package:flutter/src/widgets/framework.dart:5841:16)
#91     Element.rebuild (package:flutter/src/widgets/framework.dart:5529:7)
#92     ProxyElement.update (package:flutter/src/widgets/framework.dart:6149:5)
#93     Element.updateChild (package:flutter/src/widgets/framework.dart:4037:15)
#94     ComponentElement.performRebuild (package:flutter/src/widgets/framework.dart:5841:16)
#95     Element.rebuild (package:flutter/src/widgets/framework.dart:5529:7)
#96     ProxyElement.update (package:flutter/src/widgets/framework.dart:6149:5)
#97     Element.updateChild (package:flutter/src/widgets/framework.dart:4037:15)
#98     ComponentElement.performRebuild (package:flutter/src/widgets/framework.dart:5841:16)
#99     StatefulElement.performRebuild (package:flutter/src/widgets/framework.dart:5982:11)
#100    Element.rebuild (package:flutter/src/widgets/framework.dart:5529:7)
#101    StatefulElement.update (package:flutter/src/widgets/framework.dart:6007:5)
#102    Element.updateChild (package:flutter/src/widgets/framework.dart:4037:15)
#103    ComponentElement.performRebuild (package:flutter/src/widgets/framework.dart:5841:16)
#104    Element.rebuild (package:flutter/src/widgets/framework.dart:5529:7)
#105    ProxyElement.update (package:flutter/src/widgets/framework.dart:6149:5)
#106    Element.updateChild (package:flutter/src/widgets/framework.dart:4037:15)
#107    ComponentElement.performRebuild (package:flutter/src/widgets/framework.dart:5841:16)
#108    StatefulElement.performRebuild (package:flutter/src/widgets/framework.dart:5982:11)
#109    Element.rebuild (package:flutter/src/widgets/framework.dart:5529:7)
#110    StatefulElement.update (package:flutter/src/widgets/framework.dart:6007:5)
#111    Element.updateChild (package:flutter/src/widgets/framework.dart:4037:15)
#112    SingleChildRenderObjectElement.update (package:flutter/src/widgets/framework.dart:7122:14)
#113    Element.updateChild (package:flutter/src/widgets/framework.dart:4037:15)
#114    ComponentElement.performRebuild (package:flutter/src/widgets/framework.dart:5841:16)
#115    Element.rebuild (package:flutter/src/widgets/framework.dart:5529:7)
#116    StatelessElement.update (package:flutter/src/widgets/framework.dart:5895:5)
#117    Element.updateChild (package:flutter/src/widgets/framework.dart:4037:15)
#118    ComponentElement.performRebuild (package:flutter/src/widgets/framework.dart:5841:16)
#119    StatefulElement.performRebuild (package:flutter/src/widgets/framework.dart:5982:11)
#120    Element.rebuild (package:flutter/src/widgets/framework.dart:5529:7)
#121    BuildScope._tryRebuild (package:flutter/src/widgets/framework.dart:2750:15)
#122    BuildScope._flushDirtyElements (package:flutter/src/widgets/framework.dart:2807:11)
#123    BuildOwner.buildScope (package:flutter/src/widgets/framework.dart:3111:18)
#124    AutomatedTestWidgetsFlutterBinding.drawFrame (package:flutter_test/src/binding.dart:2131:19)
#125    RendererBinding._handlePersistentFrameCallback (package:flutter/src/rendering/binding.dart:495:5)
#126    SchedulerBinding._invokeFrameCallback (package:flutter/src/scheduler/binding.dart:1430:15)
#127    SchedulerBinding.handleDrawFrame (package:flutter/src/scheduler/binding.dart:1345:9)
#128    AutomatedTestWidgetsFlutterBinding.pump.<anonymous closure> (package:flutter_test/src/binding.dart:1960:9)
#131    TestAsyncUtils.guard (package:flutter_test/src/test_async_utils.dart:74:41)
#132    AutomatedTestWidgetsFlutterBinding.pump (package:flutter_test/src/binding.dart:1949:27)
#133    WidgetTester.pump.<anonymous closure> (package:flutter_test/src/widget_tester.dart:652:53)
#136    TestAsyncUtils.guard (package:flutter_test/src/test_async_utils.dart:74:41)
#137    WidgetTester.pump (package:flutter_test/src/widget_tester.dart:652:27)
#138    main.<anonymous closure> (file:///C:/Users/91942/Desktop/CineVerse/test/presentation/features/movie_details/movie_details_screen_test.dart:64:18)
<asynchronous suspension>
#139    testWidgets.<anonymous closure>.<anonymous closure> (package:flutter_test/src/widget_tester.dart:192:15)
<asynchronous suspension>
#140    TestWidgetsFlutterBinding._runTestBody (package:flutter_test/src/binding.dart:1682:5)
<asynchronous suspension>
<asynchronous suspension>
(elided 5 frames from dart:async and package:stack_trace)

The test description was:
  movie details renders watch providers between overview and cast
════════════════════════════════════════════════════════════════════════════════════════════════════
00:02 +0 -1: movie details renders watch providers between overview and cast [E]
  Test failed. See exception logs above.
  The test description was: movie details renders watch providers between overview and cast
  

Warning: At least one test in this suite creates an HttpClient. When running a test suite that uses
TestWidgetsFlutterBinding, all HTTP requests will return status code 400, and no network request
will actually be made. Any test expecting a real network connection and status code will fail.
To test code that needs an HttpClient, provide your own HttpClient implementation to the code under
test, so that your test can consistently provide a testable response to the code under test.
══╡ EXCEPTION CAUGHT BY FLUTTER TEST FRAMEWORK ╞════════════════════════════════════════════════════
The following TestFailure was thrown running a test (but after the test had completed):
Expected: exactly one matching candidate
  Actual: _TextWidgetFinder:<Found 0 widgets with text "Stream": []>
   Which: means none were found but one was expected

When the exception was thrown, this was the stack:
#0      fail (package:matcher/src/expect/expect.dart:187:31)
#1      _expect (package:matcher/src/expect/expect.dart:182:3)
#2      expect (package:matcher/src/expect/expect.dart:65:3)
#3      expect (package:flutter_test/src/widget_tester.dart:473:18)
#4      main.<anonymous closure> (file:///C:/Users/91942/Desktop/CineVerse/test/presentation/features/movie_details/movie_details_screen_test.dart:74:5)
<asynchronous suspension>
#5      testWidgets.<anonymous closure>.<anonymous closure> (package:flutter_test/src/widget_tester.dart:192:15)
<asynchronous suspension>
#6      TestWidgetsFlutterBinding._runTestBody (package:flutter_test/src/binding.dart:1682:5)
<asynchronous suspension>
<asynchronous suspension>
(elided one frame from package:stack_trace)
════════════════════════════════════════════════════════════════════════════════════════════════════
  Test failed. See exception logs above.
  The test description was: movie details renders watch providers between overview and cast
  
00:02 +0 -1: movie details header does not overflow with long title
WARNING (drift): It looks like you've created the database class AppDatabase multiple times. When these two databases use the same QueryExecutor, race conditions will occur and might corrupt the database. 
Try to follow the advice at https://drift.simonbinder.eu/faq/#using-the-database or, if you know what you're doing, set driftRuntimeOptions.dontWarnAboutMultipleDatabases = true
Here is the stacktrace from when the database was opened a second time:
#0      GeneratedDatabase._handleInstantiated (package:drift/src/runtime/api/db_base.dart:96:30)
#1      GeneratedDatabase._whenConstructed (package:drift/src/runtime/api/db_base.dart:73:12)
#2      new GeneratedDatabase (package:drift/src/runtime/api/db_base.dart:64:5)
#3      new _$AppDatabase (package:cineverse/data/datasources/local/app_database.g.dart:2889:36)
#4      new AppDatabase (package:cineverse/data/datasources/local/app_database.dart)
#5      appDatabaseProvider.<anonymous closure> (package:cineverse/data/providers/data_providers.dart:59:10)
#6      Provider.create (package:riverpod/src/providers/provider.dart:59:36)
#7      $ProviderElement.create (package:riverpod/src/providers/provider.dart:343:32)
#8      ProviderElement.buildState (package:riverpod/src/core/element.dart:684:28)
#9      ProviderElement.mount (package:riverpod/src/core/element.dart:537:7)
#10     ProviderElement.flush (package:riverpod/src/core/element.dart:640:7)
#11     $ProviderBaseImpl._addListener (package:riverpod/src/core/provider/provider.dart:119:24)
#12     ProviderElement.listen (package:riverpod/src/core/element.dart:923:28)
#13     Ref.watch (package:riverpod/src/core/ref.dart:655:20)
#14     watchedRepositoryProvider.<anonymous closure> (package:cineverse/data/providers/data_providers.dart:69:36)
#15     Provider.create (package:riverpod/src/providers/provider.dart:59:36)
#16     $ProviderElement.create (package:riverpod/src/providers/provider.dart:343:32)
#17     ProviderElement.buildState (package:riverpod/src/core/element.dart:684:28)
#18     ProviderElement.mount (package:riverpod/src/core/element.dart:537:7)
#19     ProviderElement.flush (package:riverpod/src/core/element.dart:640:7)
#20     $ProviderBaseImpl._addListener (package:riverpod/src/core/provider/provider.dart:119:24)
#21     ProviderElement.listen (package:riverpod/src/core/element.dart:923:28)
#22     Ref.watch (package:riverpod/src/core/ref.dart:655:20)
#23     getWatchedItemsUseCaseProvider.<anonymous closure> (package:cineverse/presentation/features/watchlist/providers/watched_provider.dart:17:37)
#24     Provider.create (package:riverpod/src/providers/provider.dart:59:36)
#25     $ProviderElement.create (package:riverpod/src/providers/provider.dart:343:32)
#26     ProviderElement.buildState (package:riverpod/src/core/element.dart:684:28)
#27     ProviderElement.mount (package:riverpod/src/core/element.dart:537:7)
#28     ProviderElement.flush (package:riverpod/src/core/element.dart:640:7)
#29     $ProviderBaseImpl._addListener (package:riverpod/src/core/provider/provider.dart:119:24)
#30     ProviderElement.listen (package:riverpod/src/core/element.dart:923:28)
#31     Ref.watch (package:riverpod/src/core/ref.dart:655:20)
#32     WatchedItemsNotifier.build (package:cineverse/presentation/features/watchlist/providers/watched_provider.dart:41:16)
#33     ElementWithFuture.handleFuture.<anonymous closure> (package:riverpod/src/core/element.dart:206:30)
#34     ElementWithFuture._handleAsync (package:riverpod/src/core/element.dart:270:35)
#35     ElementWithFuture.handleFuture (package:riverpod/src/core/element.dart:200:12)
#36     $AsyncNotifierProviderElement.handleCreate (package:riverpod/src/providers/async_notifier.dart:89:5)
#37     AsyncNotifier.runBuild (package:riverpod/src/providers/async_notifier/orphan.dart:38:22)
#38     $ClassProviderElement.create (package:riverpod/src/core/provider/notifier_provider.dart:560:28)
#39     ProviderElement.buildState (package:riverpod/src/core/element.dart:684:28)
#40     ProviderElement.mount (package:riverpod/src/core/element.dart:537:7)
#41     ProviderElement.flush (package:riverpod/src/core/element.dart:640:7)
#42     $ProviderBaseImpl._addListener (package:riverpod/src/core/provider/provider.dart:119:24)
#43     ProviderElement.listen (package:riverpod/src/core/element.dart:923:28)
#44     Ref.watch (package:riverpod/src/core/ref.dart:655:20)
#45     watchedItemProvider.<anonymous closure> (package:cineverse/presentation/features/watchlist/providers/watched_provider.dart:84:7)
#46     FunctionalFamily.call.<anonymous closure> (package:riverpod/src/core/family.dart:159:25)
#47     FutureProvider.create (package:riverpod/src/providers/future_provider.dart:142:46)
#48     $FutureProviderElement.create.<anonymous closure> (package:riverpod/src/providers/future_provider.dart:167:45)
#49     ElementWithFuture.handleFuture.<anonymous closure> (package:riverpod/src/core/element.dart:206:30)
#50     ElementWithFuture._handleAsync (package:riverpod/src/core/element.dart:270:35)
#51     ElementWithFuture.handleFuture (package:riverpod/src/core/element.dart:200:12)
#52     $FutureProviderElement.create (package:riverpod/src/providers/future_provider.dart:167:12)
#53     ProviderElement.buildState (package:riverpod/src/core/element.dart:684:28)
#54     ProviderElement.mount (package:riverpod/src/core/element.dart:537:7)
#55     ProviderElement.flush (package:riverpod/src/core/element.dart:640:7)
#56     $ProviderBaseImpl._addListener (package:riverpod/src/core/provider/provider.dart:119:24)
#57     ProviderContainer.listen (package:riverpod/src/core/provider_container.dart:960:26)
#58     ConsumerStatefulElement.watch.<anonymous closure> (package:flutter_riverpod/src/core/consumer.dart:475:37)
#59     _LinkedHashMapMixin.putIfAbsent (dart:_compact_hash:675:23)
#60     ConsumerStatefulElement.watch (package:flutter_riverpod/src/core/consumer.dart:468:14)
#61     _MovieDetailsViewState.build (package:cineverse/presentation/features/movie_details/movie_details_screen.dart:257:34)
#62     StatefulElement.build (package:flutter/src/widgets/framework.dart:5931:27)
#63     ConsumerStatefulElement.build (package:flutter_riverpod/src/core/consumer.dart:445:20)
#64     ComponentElement.performRebuild (package:flutter/src/widgets/framework.dart:5817:15)
#65     StatefulElement.performRebuild (package:flutter/src/widgets/framework.dart:5982:11)
#66     Element.rebuild (package:flutter/src/widgets/framework.dart:5529:7)
#67     ComponentElement._firstBuild (package:flutter/src/widgets/framework.dart:5799:5)
#68     StatefulElement._firstBuild (package:flutter/src/widgets/framework.dart:5973:11)
#69     ComponentElement.mount (package:flutter/src/widgets/framework.dart:5793:5)
#70     Element.inflateWidget (package:flutter/src/widgets/framework.dart:4587:20)
#71     Element.updateChild (package:flutter/src/widgets/framework.dart:4053:20)
#72     ComponentElement.performRebuild (package:flutter/src/widgets/framework.dart:5841:16)
#73     Element.rebuild (package:flutter/src/widgets/framework.dart:5529:7)
#74     StatelessElement.update (package:flutter/src/widgets/framework.dart:5895:5)
#75     Element.updateChild (package:flutter/src/widgets/framework.dart:4037:15)
#76     ComponentElement.performRebuild (package:flutter/src/widgets/framework.dart:5841:16)
#77     Element.rebuild (package:flutter/src/widgets/framework.dart:5529:7)
#78     StatelessElement.update (package:flutter/src/widgets/framework.dart:5895:5)
#79     Element.updateChild (package:flutter/src/widgets/framework.dart:4037:15)
#80     ComponentElement.performRebuild (package:flutter/src/widgets/framework.dart:5841:16)
#81     Element.rebuild (package:flutter/src/widgets/framework.dart:5529:7)
#82     ProxyElement.update (package:flutter/src/widgets/framework.dart:6149:5)
#83     Element.updateChild (package:flutter/src/widgets/framework.dart:4037:15)
#84     ComponentElement.performRebuild (package:flutter/src/widgets/framework.dart:5841:16)
#85     Element.rebuild (package:flutter/src/widgets/framework.dart:5529:7)
#86     ProxyElement.update (package:flutter/src/widgets/framework.dart:6149:5)
#87     Element.updateChild (package:flutter/src/widgets/framework.dart:4037:15)
#88     Element.updateChildren (package:flutter/src/widgets/framework.dart:4191:32)
#89     MultiChildRenderObjectElement.update (package:flutter/src/widgets/framework.dart:7295:17)
#90     Element.updateChild (package:flutter/src/widgets/framework.dart:4037:15)
#91     ComponentElement.performRebuild (package:flutter/src/widgets/framework.dart:5841:16)
#92     Element.rebuild (package:flutter/src/widgets/framework.dart:5529:7)
#93     ProxyElement.update (package:flutter/src/widgets/framework.dart:6149:5)
#94     Element.updateChild (package:flutter/src/widgets/framework.dart:4037:15)
#95     ComponentElement.performRebuild (package:flutter/src/widgets/framework.dart:5841:16)
#96     StatefulElement.performRebuild (package:flutter/src/widgets/framework.dart:5982:11)
#97     Element.rebuild (package:flutter/src/widgets/framework.dart:5529:7)
#98     StatefulElement.update (package:flutter/src/widgets/framework.dart:6007:5)
#99     Element.updateChild (package:flutter/src/widgets/framework.dart:4037:15)
#100    ComponentElement.performRebuild (package:flutter/src/widgets/framework.dart:5841:16)
#101    StatefulElement.performRebuild (package:flutter/src/widgets/framework.dart:5982:11)
#102    Element.rebuild (package:flutter/src/widgets/framework.dart:5529:7)
#103    StatefulElement.update (package:flutter/src/widgets/framework.dart:6007:5)
#104    Element.updateChild (package:flutter/src/widgets/framework.dart:4037:15)
#105    ComponentElement.performRebuild (package:flutter/src/widgets/framework.dart:5841:16)
#106    Element.rebuild (package:flutter/src/widgets/framework.dart:5529:7)
#107    ProxyElement.update (package:flutter/src/widgets/framework.dart:6149:5)
#108    Element.updateChild (package:flutter/src/widgets/framework.dart:4037:15)
#109    ComponentElement.performRebuild (package:flutter/src/widgets/framework.dart:5841:16)
#110    StatefulElement.performRebuild (package:flutter/src/widgets/framework.dart:5982:11)
#111    Element.rebuild (package:flutter/src/widgets/framework.dart:5529:7)
#112    StatefulElement.update (package:flutter/src/widgets/framework.dart:6007:5)
#113    Element.updateChild (package:flutter/src/widgets/framework.dart:4037:15)
#114    SingleChildRenderObjectElement.update (package:flutter/src/widgets/framework.dart:7122:14)
#115    Element.updateChild (package:flutter/src/widgets/framework.dart:4037:15)
#116    ComponentElement.performRebuild (package:flutter/src/widgets/framework.dart:5841:16)
#117    Element.rebuild (package:flutter/src/widgets/framework.dart:5529:7)
#118    ProxyElement.update (package:flutter/src/widgets/framework.dart:6149:5)
#119    Element.updateChild (package:flutter/src/widgets/framework.dart:4037:15)
#120    SingleChildRenderObjectElement.update (package:flutter/src/widgets/framework.dart:7122:14)
#121    Element.updateChild (package:flutter/src/widgets/framework.dart:4037:15)
#122    ComponentElement.performRebuild (package:flutter/src/widgets/framework.dart:5841:16)
#123    StatefulElement.performRebuild (package:flutter/src/widgets/framework.dart:5982:11)
#124    Element.rebuild (package:flutter/src/widgets/framework.dart:5529:7)
#125    StatefulElement.update (package:flutter/src/widgets/framework.dart:6007:5)
#126    Element.updateChild (package:flutter/src/widgets/framework.dart:4037:15)
#127    ComponentElement.performRebuild (package:flutter/src/widgets/framework.dart:5841:16)
#128    StatefulElement.performRebuild (package:flutter/src/widgets/framework.dart:5982:11)
#129    Element.rebuild (package:flutter/src/widgets/framework.dart:5529:7)
#130    StatefulElement.update (package:flutter/src/widgets/framework.dart:6007:5)
#131    Element.updateChild (package:flutter/src/widgets/framework.dart:4037:15)
#132    ComponentElement.performRebuild (package:flutter/src/widgets/framework.dart:5841:16)
#133    Element.rebuild (package:flutter/src/widgets/framework.dart:5529:7)
#134    ProxyElement.update (package:flutter/src/widgets/framework.dart:6149:5)
#135    Element.updateChild (package:flutter/src/widgets/framework.dart:4037:15)
#136    ComponentElement.performRebuild (package:flutter/src/widgets/framework.dart:5841:16)
#137    Element.rebuild (package:flutter/src/widgets/framework.dart:5529:7)
#138    ProxyElement.update (package:flutter/src/widgets/framework.dart:6149:5)
#139    Element.updateChild (package:flutter/src/widgets/framework.dart:4037:15)
#140    ComponentElement.performRebuild (package:flutter/src/widgets/framework.dart:5841:16)
#141    Element.rebuild (package:flutter/src/widgets/framework.dart:5529:7)
#142    ProxyElement.update (package:flutter/src/widgets/framework.dart:6149:5)
#143    Element.updateChild (package:flutter/src/widgets/framework.dart:4037:15)
#144    ComponentElement.performRebuild (package:flutter/src/widgets/framework.dart:5841:16)
#145    StatefulElement.performRebuild (package:flutter/src/widgets/framework.dart:5982:11)
#146    Element.rebuild (package:flutter/src/widgets/framework.dart:5529:7)
#147    StatefulElement.update (package:flutter/src/widgets/framework.dart:6007:5)
#148    Element.updateChild (package:flutter/src/widgets/framework.dart:4037:15)
#149    ComponentElement.performRebuild (package:flutter/src/widgets/framework.dart:5841:16)
#150    Element.rebuild (package:flutter/src/widgets/framework.dart:5529:7)
#151    ProxyElement.update (package:flutter/src/widgets/framework.dart:6149:5)
#152    Element.updateChild (package:flutter/src/widgets/framework.dart:4037:15)
#153    ComponentElement.performRebuild (package:flutter/src/widgets/framework.dart:5841:16)
#154    StatefulElement.performRebuild (package:flutter/src/widgets/framework.dart:5982:11)
#155    Element.rebuild (package:flutter/src/widgets/framework.dart:5529:7)
#156    StatefulElement.update (package:flutter/src/widgets/framework.dart:6007:5)
#157    Element.updateChild (package:flutter/src/widgets/framework.dart:4037:15)
#158    SingleChildRenderObjectElement.update (package:flutter/src/widgets/framework.dart:7122:14)
#159    Element.updateChild (package:flutter/src/widgets/framework.dart:4037:15)
#160    ComponentElement.performRebuild (package:flutter/src/widgets/framework.dart:5841:16)
#161    Element.rebuild (package:flutter/src/widgets/framework.dart:5529:7)
#162    StatelessElement.update (package:flutter/src/widgets/framework.dart:5895:5)
#163    Element.updateChild (package:flutter/src/widgets/framework.dart:4037:15)
#164    ComponentElement.performRebuild (package:flutter/src/widgets/framework.dart:5841:16)
#165    StatefulElement.performRebuild (package:flutter/src/widgets/framework.dart:5982:11)
#166    Element.rebuild (package:flutter/src/widgets/framework.dart:5529:7)
#167    BuildScope._tryRebuild (package:flutter/src/widgets/framework.dart:2750:15)
#168    BuildScope._flushDirtyElements (package:flutter/src/widgets/framework.dart:2807:11)
#169    BuildOwner.buildScope (package:flutter/src/widgets/framework.dart:3111:18)
#170    AutomatedTestWidgetsFlutterBinding.drawFrame (package:flutter_test/src/binding.dart:2131:19)
#171    RendererBinding._handlePersistentFrameCallback (package:flutter/src/rendering/binding.dart:495:5)
#172    SchedulerBinding._invokeFrameCallback (package:flutter/src/scheduler/binding.dart:1430:15)
#173    SchedulerBinding.handleDrawFrame (package:flutter/src/scheduler/binding.dart:1345:9)
#174    AutomatedTestWidgetsFlutterBinding.pump.<anonymous closure> (package:flutter_test/src/binding.dart:1960:9)
#175    _rootRun (dart:async/zone_root.dart:35:13)
#176    _CustomZone.run (dart:async/zone.dart:726:19)
#177    TestAsyncUtils.guard (package:flutter_test/src/test_async_utils.dart:74:41)
#178    AutomatedTestWidgetsFlutterBinding.pump (package:flutter_test/src/binding.dart:1949:27)
#179    WidgetTester.pump.<anonymous closure> (package:flutter_test/src/widget_tester.dart:652:53)
#180    _rootRun (dart:async/zone_root.dart:35:13)
#181    _CustomZone.run (dart:async/zone.dart:726:19)
#182    TestAsyncUtils.guard (package:flutter_test/src/test_async_utils.dart:74:41)
#183    WidgetTester.pump (package:flutter_test/src/widget_tester.dart:652:27)
#184    main.<anonymous closure> (file:///C:/Users/91942/Desktop/CineVerse/test/presentation/features/movie_details/movie_details_screen_test.dart:139:18)
<asynchronous suspension>
#185    testWidgets.<anonymous closure>.<anonymous closure> (package:flutter_test/src/widget_tester.dart:192:15)
<asynchronous suspension>
#186    TestWidgetsFlutterBinding._runTestBody (package:flutter_test/src/binding.dart:1682:5)
<asynchronous suspension>
#187    StackZoneSpecification._registerCallback.<anonymous closure> (package:stack_trace/src/stack_zone_specification.dart:114:42)
<asynchronous suspension>
This warning will only appear on debug builds.
══╡ EXCEPTION CAUGHT BY RENDERING LIBRARY ╞═════════════════════════════════════════════════════════
The following assertion was thrown during layout:
A RenderFlex overflowed by 8.0 pixels on the right.

The overflowing RenderFlex has an orientation of Axis.horizontal.
The edge of the RenderFlex that is overflowing has been marked in the rendering with a yellow and
black striped pattern. This is usually caused by the contents being too big for the RenderFlex.
Consider applying a flex factor (e.g. using an Expanded widget) to force the children of the
RenderFlex to fit within the available space instead of being sized to their natural size.
This is considered an error condition because it indicates that there is content that cannot be
seen. If the content is legitimately bigger than the available space, consider clipping it with a
ClipRect widget before putting it in the flex, or using a scrollable container rather than a Flex,
like a ListView.
The specific RenderFlex in question is: RenderFlex#a0e44 DISPOSED OVERFLOWING:
  needs compositing
  creator: MultiChildRenderObjectElement#af28c(DEFUNCT) ← MultiChildRenderObjectElement#19909(DEFUNCT)
    ← SingleChildRenderObjectElement#eaa10(DEFUNCT) ← MultiChildRenderObjectElement#cfc08(DEFUNCT) ←
    _SingleChildViewportElement#55be6(DEFUNCT) ← SingleChildRenderObjectElement#88a4d(DEFUNCT) ←
    SingleChildRenderObjectElement#c7a10(DEFUNCT) ← SingleChildRenderObjectElement#dae4a(DEFUNCT) ←
    SingleChildRenderObjectElement#54bc8(DEFUNCT) ← StatefulElement#5f045(DEFUNCT) ←
    SingleChildRenderObjectElement#15aae(DEFUNCT) ← InheritedElement#fad2f(DEFUNCT) ← ⋯
  parentData: offset=Offset(0.0, 236.0); flex=null; fit=null (can use size)
  constraints: BoxConstraints(0.0<=w<=328.0, 0.0<=h<=Infinity)
  size: Size(328.0, 150.0)
  direction: horizontal
  mainAxisAlignment: start
  mainAxisSize: max
  crossAxisAlignment: center
  textDirection: ltr
  verticalDirection: down
  spacing: 0.0
◢◤◢◤◢◤◢◤◢◤◢◤◢◤◢◤◢◤◢◤◢◤◢◤◢◤◢◤◢◤◢◤◢◤◢◤◢◤◢◤◢◤◢◤◢◤◢◤◢◤◢◤◢◤◢◤◢◤◢◤◢◤◢◤◢◤◢◤◢◤◢◤◢◤◢◤◢◤◢◤◢◤◢◤◢◤◢◤◢◤◢◤◢◤◢◤◢◤◢◤
════════════════════════════════════════════════════════════════════════════════════════════════════
══╡ EXCEPTION CAUGHT BY FLUTTER TEST FRAMEWORK ╞════════════════════════════════════════════════════
The following StateError was thrown running a test:
Bad state: Neither MOVIE_PROXY_BASE_URL nor TMDB_API_KEY is configured.

When the exception was thrown, this was the stack:
#0      TmdbApiClient._assertMovieApiConfigured (package:cineverse/data/datasources/remote/tmdb_api_client.dart:665:7)
#1      TmdbApiClient.fetchMediaImages (package:cineverse/data/datasources/remote/tmdb_api_client.dart:438:5)
#2      TmdbRemoteDataSource.fetchMediaImages (package:cineverse/data/datasources/remote/remote_data_source.dart:215:22)
#3      MediaRepositoryImpl.fetchMediaImages (package:cineverse/data/repositories/media_repository_impl.dart:238:29)
#4      mediaImagesProvider.<anonymous closure> (package:cineverse/presentation/features/movies/providers/movies_provider.dart:618:25)
#5      FunctionalFamily.call.<anonymous closure> (package:riverpod/src/core/family.dart:159:25)
#6      FutureProvider.create (package:riverpod/src/providers/future_provider.dart:142:46)
#7      $FutureProviderElement.create.<anonymous closure> (package:riverpod/src/providers/future_provider.dart:167:45)
#8      ElementWithFuture.handleFuture.<anonymous closure> (package:riverpod/src/core/element.dart:206:30)
#9      ElementWithFuture._handleAsync (package:riverpod/src/core/element.dart:270:35)
#10     ElementWithFuture.handleFuture (package:riverpod/src/core/element.dart:200:12)
#11     $FutureProviderElement.create (package:riverpod/src/providers/future_provider.dart:167:12)
#12     ProviderElement.buildState (package:riverpod/src/core/element.dart:684:28)
#13     ProviderElement.mount (package:riverpod/src/core/element.dart:537:7)
#14     ProviderElement.flush (package:riverpod/src/core/element.dart:640:7)
#15     $ProviderBaseImpl._addListener (package:riverpod/src/core/provider/provider.dart:119:24)
#16     ProviderElementProxy._addListener (package:riverpod/src/core/proxy_provider_listenable.dart:106:31)
#17     ProviderContainer.listen (package:riverpod/src/core/provider_container.dart:960:26)
#18     ProviderContainer.read (package:riverpod/src/core/provider_container.dart:917:17)
#19     ConsumerStatefulElement.read (package:flutter_riverpod/src/core/consumer.dart:543:59)
#20     _MovieDetailsViewState._startSlideshow (package:cineverse/presentation/features/movie_details/movie_details_screen.dart:190:10)
#21     _MovieDetailsViewState.initState (package:cineverse/presentation/features/movie_details/movie_details_screen.dart:185:5)
#22     StatefulElement._firstBuild (package:flutter/src/widgets/framework.dart:5950:55)
#23     ComponentElement.mount (package:flutter/src/widgets/framework.dart:5793:5)
#24     Element.inflateWidget (package:flutter/src/widgets/framework.dart:4587:20)
#25     Element.updateChild (package:flutter/src/widgets/framework.dart:4053:20)
#26     ComponentElement.performRebuild (package:flutter/src/widgets/framework.dart:5841:16)
#27     Element.rebuild (package:flutter/src/widgets/framework.dart:5529:7)
#28     StatelessElement.update (package:flutter/src/widgets/framework.dart:5895:5)
#29     Element.updateChild (package:flutter/src/widgets/framework.dart:4037:15)
#30     ComponentElement.performRebuild (package:flutter/src/widgets/framework.dart:5841:16)
#31     Element.rebuild (package:flutter/src/widgets/framework.dart:5529:7)
#32     StatelessElement.update (package:flutter/src/widgets/framework.dart:5895:5)
#33     Element.updateChild (package:flutter/src/widgets/framework.dart:4037:15)
#34     ComponentElement.performRebuild (package:flutter/src/widgets/framework.dart:5841:16)
#35     Element.rebuild (package:flutter/src/widgets/framework.dart:5529:7)
#36     ProxyElement.update (package:flutter/src/widgets/framework.dart:6149:5)
#37     Element.updateChild (package:flutter/src/widgets/framework.dart:4037:15)
#38     ComponentElement.performRebuild (package:flutter/src/widgets/framework.dart:5841:16)
#39     Element.rebuild (package:flutter/src/widgets/framework.dart:5529:7)
#40     ProxyElement.update (package:flutter/src/widgets/framework.dart:6149:5)
#41     Element.updateChild (package:flutter/src/widgets/framework.dart:4037:15)
#42     Element.updateChildren (package:flutter/src/widgets/framework.dart:4191:32)
#43     MultiChildRenderObjectElement.update (package:flutter/src/widgets/framework.dart:7295:17)
#44     Element.updateChild (package:flutter/src/widgets/framework.dart:4037:15)
#45     ComponentElement.performRebuild (package:flutter/src/widgets/framework.dart:5841:16)
#46     Element.rebuild (package:flutter/src/widgets/framework.dart:5529:7)
#47     ProxyElement.update (package:flutter/src/widgets/framework.dart:6149:5)
#48     Element.updateChild (package:flutter/src/widgets/framework.dart:4037:15)
#49     ComponentElement.performRebuild (package:flutter/src/widgets/framework.dart:5841:16)
#50     StatefulElement.performRebuild (package:flutter/src/widgets/framework.dart:5982:11)
#51     Element.rebuild (package:flutter/src/widgets/framework.dart:5529:7)
#52     StatefulElement.update (package:flutter/src/widgets/framework.dart:6007:5)
#53     Element.updateChild (package:flutter/src/widgets/framework.dart:4037:15)
#54     ComponentElement.performRebuild (package:flutter/src/widgets/framework.dart:5841:16)
#55     StatefulElement.performRebuild (package:flutter/src/widgets/framework.dart:5982:11)
#56     Element.rebuild (package:flutter/src/widgets/framework.dart:5529:7)
#57     StatefulElement.update (package:flutter/src/widgets/framework.dart:6007:5)
#58     Element.updateChild (package:flutter/src/widgets/framework.dart:4037:15)
#59     ComponentElement.performRebuild (package:flutter/src/widgets/framework.dart:5841:16)
#60     Element.rebuild (package:flutter/src/widgets/framework.dart:5529:7)
#61     ProxyElement.update (package:flutter/src/widgets/framework.dart:6149:5)
#62     Element.updateChild (package:flutter/src/widgets/framework.dart:4037:15)
#63     ComponentElement.performRebuild (package:flutter/src/widgets/framework.dart:5841:16)
#64     StatefulElement.performRebuild (package:flutter/src/widgets/framework.dart:5982:11)
#65     Element.rebuild (package:flutter/src/widgets/framework.dart:5529:7)
#66     StatefulElement.update (package:flutter/src/widgets/framework.dart:6007:5)
#67     Element.updateChild (package:flutter/src/widgets/framework.dart:4037:15)
#68     SingleChildRenderObjectElement.update (package:flutter/src/widgets/framework.dart:7122:14)
#69     Element.updateChild (package:flutter/src/widgets/framework.dart:4037:15)
#70     ComponentElement.performRebuild (package:flutter/src/widgets/framework.dart:5841:16)
#71     Element.rebuild (package:flutter/src/widgets/framework.dart:5529:7)
#72     ProxyElement.update (package:flutter/src/widgets/framework.dart:6149:5)
#73     Element.updateChild (package:flutter/src/widgets/framework.dart:4037:15)
#74     SingleChildRenderObjectElement.update (package:flutter/src/widgets/framework.dart:7122:14)
#75     Element.updateChild (package:flutter/src/widgets/framework.dart:4037:15)
#76     ComponentElement.performRebuild (package:flutter/src/widgets/framework.dart:5841:16)
#77     StatefulElement.performRebuild (package:flutter/src/widgets/framework.dart:5982:11)
#78     Element.rebuild (package:flutter/src/widgets/framework.dart:5529:7)
#79     StatefulElement.update (package:flutter/src/widgets/framework.dart:6007:5)
#80     Element.updateChild (package:flutter/src/widgets/framework.dart:4037:15)
#81     ComponentElement.performRebuild (package:flutter/src/widgets/framework.dart:5841:16)
#82     StatefulElement.performRebuild (package:flutter/src/widgets/framework.dart:5982:11)
#83     Element.rebuild (package:flutter/src/widgets/framework.dart:5529:7)
#84     StatefulElement.update (package:flutter/src/widgets/framework.dart:6007:5)
#85     Element.updateChild (package:flutter/src/widgets/framework.dart:4037:15)
#86     ComponentElement.performRebuild (package:flutter/src/widgets/framework.dart:5841:16)
#87     Element.rebuild (package:flutter/src/widgets/framework.dart:5529:7)
#88     ProxyElement.update (package:flutter/src/widgets/framework.dart:6149:5)
#89     Element.updateChild (package:flutter/src/widgets/framework.dart:4037:15)
#90     ComponentElement.performRebuild (package:flutter/src/widgets/framework.dart:5841:16)
#91     Element.rebuild (package:flutter/src/widgets/framework.dart:5529:7)
#92     ProxyElement.update (package:flutter/src/widgets/framework.dart:6149:5)
#93     Element.updateChild (package:flutter/src/widgets/framework.dart:4037:15)
#94     ComponentElement.performRebuild (package:flutter/src/widgets/framework.dart:5841:16)
#95     Element.rebuild (package:flutter/src/widgets/framework.dart:5529:7)
#96     ProxyElement.update (package:flutter/src/widgets/framework.dart:6149:5)
#97     Element.updateChild (package:flutter/src/widgets/framework.dart:4037:15)
#98     ComponentElement.performRebuild (package:flutter/src/widgets/framework.dart:5841:16)
#99     StatefulElement.performRebuild (package:flutter/src/widgets/framework.dart:5982:11)
#100    Element.rebuild (package:flutter/src/widgets/framework.dart:5529:7)
#101    StatefulElement.update (package:flutter/src/widgets/framework.dart:6007:5)
#102    Element.updateChild (package:flutter/src/widgets/framework.dart:4037:15)
#103    ComponentElement.performRebuild (package:flutter/src/widgets/framework.dart:5841:16)
#104    Element.rebuild (package:flutter/src/widgets/framework.dart:5529:7)
#105    ProxyElement.update (package:flutter/src/widgets/framework.dart:6149:5)
#106    Element.updateChild (package:flutter/src/widgets/framework.dart:4037:15)
#107    ComponentElement.performRebuild (package:flutter/src/widgets/framework.dart:5841:16)
#108    StatefulElement.performRebuild (package:flutter/src/widgets/framework.dart:5982:11)
#109    Element.rebuild (package:flutter/src/widgets/framework.dart:5529:7)
#110    StatefulElement.update (package:flutter/src/widgets/framework.dart:6007:5)
#111    Element.updateChild (package:flutter/src/widgets/framework.dart:4037:15)
#112    SingleChildRenderObjectElement.update (package:flutter/src/widgets/framework.dart:7122:14)
#113    Element.updateChild (package:flutter/src/widgets/framework.dart:4037:15)
#114    ComponentElement.performRebuild (package:flutter/src/widgets/framework.dart:5841:16)
#115    Element.rebuild (package:flutter/src/widgets/framework.dart:5529:7)
#116    StatelessElement.update (package:flutter/src/widgets/framework.dart:5895:5)
#117    Element.updateChild (package:flutter/src/widgets/framework.dart:4037:15)
#118    ComponentElement.performRebuild (package:flutter/src/widgets/framework.dart:5841:16)
#119    StatefulElement.performRebuild (package:flutter/src/widgets/framework.dart:5982:11)
#120    Element.rebuild (package:flutter/src/widgets/framework.dart:5529:7)
#121    BuildScope._tryRebuild (package:flutter/src/widgets/framework.dart:2750:15)
#122    BuildScope._flushDirtyElements (package:flutter/src/widgets/framework.dart:2807:11)
#123    BuildOwner.buildScope (package:flutter/src/widgets/framework.dart:3111:18)
#124    AutomatedTestWidgetsFlutterBinding.drawFrame (package:flutter_test/src/binding.dart:2131:19)
#125    RendererBinding._handlePersistentFrameCallback (package:flutter/src/rendering/binding.dart:495:5)
#126    SchedulerBinding._invokeFrameCallback (package:flutter/src/scheduler/binding.dart:1430:15)
#127    SchedulerBinding.handleDrawFrame (package:flutter/src/scheduler/binding.dart:1345:9)
#128    AutomatedTestWidgetsFlutterBinding.pump.<anonymous closure> (package:flutter_test/src/binding.dart:1960:9)
#131    TestAsyncUtils.guard (package:flutter_test/src/test_async_utils.dart:74:41)
#132    AutomatedTestWidgetsFlutterBinding.pump (package:flutter_test/src/binding.dart:1949:27)
#133    WidgetTester.pump.<anonymous closure> (package:flutter_test/src/widget_tester.dart:652:53)
#136    TestAsyncUtils.guard (package:flutter_test/src/test_async_utils.dart:74:41)
#137    WidgetTester.pump (package:flutter_test/src/widget_tester.dart:652:27)
#138    main.<anonymous closure> (file:///C:/Users/91942/Desktop/CineVerse/test/presentation/features/movie_details/movie_details_screen_test.dart:139:18)
<asynchronous suspension>
#139    testWidgets.<anonymous closure>.<anonymous closure> (package:flutter_test/src/widget_tester.dart:192:15)
<asynchronous suspension>
#140    TestWidgetsFlutterBinding._runTestBody (package:flutter_test/src/binding.dart:1682:5)
<asynchronous suspension>
<asynchronous suspension>
(elided 5 frames from dart:async and package:stack_trace)

The test description was:
  movie details header does not overflow with long title
════════════════════════════════════════════════════════════════════════════════════════════════════
══╡ EXCEPTION CAUGHT BY FLUTTER TEST FRAMEWORK ╞════════════════════════════════════════════════════
The following message was thrown:
Multiple exceptions (2) were detected during the running of the current test, and at least one was
unexpected.
════════════════════════════════════════════════════════════════════════════════════════════════════
00:03 +0 -2: movie details header does not overflow with long title [E]
  Test failed. See exception logs above.
  The test description was: movie details header does not overflow with long title
  
══╡ EXCEPTION CAUGHT BY WIDGET INSPECTOR ╞══════════════════════════════════════════════════════════
The following assertion was thrown:
Looking up a deactivated widget's ancestor is unsafe.
At this point the state of the widget's element tree is no longer stable.
To safely refer to a widget's ancestor in its dispose() method, save a reference to the ancestor by
calling dependOnInheritedWidgetOfExactType() in the widget's didChangeDependencies() method.

When the exception was thrown, this was the stack:
#0      Element._debugCheckStateIsActiveForAncestorLookup.<anonymous closure> (package:flutter/src/widgets/framework.dart:5049:9)
#1      Element._debugCheckStateIsActiveForAncestorLookup (package:flutter/src/widgets/framework.dart:5063:6)
#2      Element.visitAncestorElements (package:flutter/src/widgets/framework.dart:5174:12)
#3      _describeRelevantUserCode (package:flutter/src/widgets/widget_inspector.dart:4236:13)
#4      _parseDiagnosticsNode (package:flutter/src/widgets/widget_inspector.dart:4155:12)
#5      debugTransformDebugCreator (package:flutter/src/widgets/widget_inspector.dart:4134:21)
#6      _FlutterErrorDetailsNode.builder (package:flutter/src/foundation/assertions.dart:1310:31)
#7      DiagnosticableNode.emptyBodyDescription (package:flutter/src/foundation/diagnostics.dart:2939:45)
#8      TextTreeRenderer._debugRender (package:flutter/src/foundation/diagnostics.dart:1307:14)
#9      TextTreeRenderer.render (package:flutter/src/foundation/diagnostics.dart:1137:14)
#10     FlutterError.dumpErrorToConsole (package:flutter/src/foundation/assertions.dart:1040:13)
#11     TestWidgetsFlutterBinding._runTest.<anonymous closure> (package:flutter_test/src/binding.dart:1509:24)
#12     FlutterError.reportError (package:flutter/src/foundation/assertions.dart:1203:14)
#13     TestWidgetsFlutterBinding._runTest.handleUncaughtError (package:flutter_test/src/binding.dart:1608:20)
#14     TestWidgetsFlutterBinding._runTest.<anonymous closure> (package:flutter_test/src/binding.dart:1650:13)
#23     FakeAsync.run.<anonymous closure>.<anonymous closure> (package:fake_async/fake_async.dart:189:18)
#24     FakeAsync.flushMicrotasks (package:fake_async/fake_async.dart:200:32)
#25     AutomatedTestWidgetsFlutterBinding.pump.<anonymous closure> (package:flutter_test/src/binding.dart:1962:26)
#28     TestAsyncUtils.guard (package:flutter_test/src/test_async_utils.dart:74:41)
#29     AutomatedTestWidgetsFlutterBinding.pump (package:flutter_test/src/binding.dart:1949:27)
#30     WidgetTester.pump.<anonymous closure> (package:flutter_test/src/widget_tester.dart:652:53)
#33     TestAsyncUtils.guard (package:flutter_test/src/test_async_utils.dart:74:41)
#34     WidgetTester.pump (package:flutter_test/src/widget_tester.dart:652:27)
#35     main.<anonymous closure> (file:///C:/Users/91942/Desktop/CineVerse/test/presentation/features/movie_details/movie_details_screen_test.dart:139:18)
<asynchronous suspension>
#36     testWidgets.<anonymous closure>.<anonymous closure> (package:flutter_test/src/widget_tester.dart:192:15)
<asynchronous suspension>
#37     TestWidgetsFlutterBinding._runTestBody (package:flutter_test/src/binding.dart:1682:5)
<asynchronous suspension>
<asynchronous suspension>
(elided 13 frames from dart:async and package:stack_trace)

This exception was caught while trying to describe the user-relevant code of another error.
════════════════════════════════════════════════════════════════════════════════════════════════════
══╡ EXCEPTION CAUGHT BY FLUTTER TEST FRAMEWORK ╞════════════════════════════════════════════════════
The following TestFailure was thrown running a test (but after the test had completed):
Expected: null
  Actual: 'Multiple exceptions (3) were detected during the running of the current test, and at
least one was unexpected.'

When the exception was thrown, this was the stack:
#0      fail (package:matcher/src/expect/expect.dart:187:31)
#1      _expect (package:matcher/src/expect/expect.dart:182:3)
#2      expect (package:matcher/src/expect/expect.dart:65:3)
#3      expect (package:flutter_test/src/widget_tester.dart:473:18)
#4      main.<anonymous closure> (file:///C:/Users/91942/Desktop/CineVerse/test/presentation/features/movie_details/movie_details_screen_test.dart:144:5)
<asynchronous suspension>
#5      testWidgets.<anonymous closure>.<anonymous closure> (package:flutter_test/src/widget_tester.dart:192:15)
<asynchronous suspension>
#6      TestWidgetsFlutterBinding._runTestBody (package:flutter_test/src/binding.dart:1682:5)
<asynchronous suspension>
<asynchronous suspension>
(elided one frame from package:stack_trace)
════════════════════════════════════════════════════════════════════════════════════════════════════
  Test failed. See exception logs above.
  The test description was: movie details header does not overflow with long title
  
00:03 +0 -2: Some tests failed.
